国家税务局	-1.0
类账	-1.0
扣税	-1.0
次月	-1.0
受让方	-1.0
迁达	-1.0
世博	-1.0
霍尔果斯特殊	-1.0
返还性	-1.0
应退税额	-1.0
计征	-1.0
第七十	-1.0
万元	-1.0
运输稠油	-1.0
非专利	-1.0
欠缴	-1.0
国轮	-1.0
不含不动产	-1.0
分镜	-1.0
折让	-1.0
合作区	-1.0
评估额	-1.0
建保	-1.0
寄件人	-1.0
改房	-1.0
汶川	-1.0
注栏	-1.0
科技园	-1.0
飞镖	-1.0
欠税人	-1.0
清算所得税	-1.0
销货方	-1.0
追偿	-1.0
承付	-1.0
配比	-1.0
国税函	-1.0
基金理事会	-1.0
加盖	-1.0
中国铁路总公司	-1.0
汇算	-1.0
附列	-1.0
内购	-1.0
增购	-1.0
税务总局	-1.0
停用	-1.0
发函	-1.0
退免税	-1.0
申报期	-1.0
不动产权	-1.0
代表人	-1.0
第三	-1.0
财政部国家税务总局	-1.0
汽电	-1.0
缺联	-1.0
动漫格式	-1.0
书画院	-1.0
第七	-1.0
应补	-1.0
上海期货交易所	-1.0
孙子女	-1.0
半年	-1.0
分包款	-1.0
侧弯	-1.0
受赠	-1.0
废矿物油	-1.0
第四十四	-1.0
初等学校	-1.0
所得率	-1.0
教育费	-1.0
购置税	-1.0
修井	-1.0
投资管理人	-1.0
排量	-1.0
料件	-1.0
特许权使用费	-1.0
代开	-1.0
调合	-1.0
储值卡	-1.0
边销	-1.0
原值	-1.0
口退	-1.0
签证费	-1.0
中国东方资产管理公司	-1.0
中国期货	-1.0
报验	-1.0
密型	-1.0
处置其不动产	-1.0
应纳税经营额	-1.0
保障性	-1.0
责任方	-1.0
东方资产管理公司	-1.0
减额	-1.0
外包	-1.0
清税	-1.0
矫型器	-1.0
售后	-1.0
港澳台地区	-1.0
坏帐	-1.0
处理费	-1.0
中国民用航空局	-1.0
权益性	-1.0
军建	-1.0
基金有限责任公司	-1.0
股改	-1.0
代缴	-1.0
第九	-1.0
前海	-1.0
托运人	-1.0
勾选	-1.0
建设费	-1.0
鲁甸	-1.0
中国信达资产管理股份有限公司	-1.0
中国华融资产管理公司	-1.0
其待	-1.0
社会保险费	-1.0
验旧	-1.0
非营利	-1.0
餐饮费	-1.0
企业法人合伙人	-1.0
洋山	-1.0
库银	-1.0
机动船舶车船税	-1.0
迁出地税务	-1.0
线宽	-1.0
地税务	-1.0
中国邮政速递物流股份有限公司	-1.0
加载	-1.0
中国工商银行	-1.0
方据	-1.0
列名	-1.0
描线	-1.0
联报	-1.0
维护费	-1.0
申辩权	-1.0
质押式	-1.0
第五	-1.0
事业部	-1.0
税申	-1.0
额时	-1.0
氧吧	-1.0
税免	-1.0
劳务所	-1.0
有机无机复混肥料	-1.0
轨位	-1.0
互助社	-1.0
代征	-1.0
延用	-1.0
拉丁字母码	-1.0
加算	-1.0
自产成品油	-1.0
合伙制	-1.0
建筑用	-1.0
外祖父母	-1.0
中国人民武装警察部队	-1.0
城市信用社	-1.0
计算表	-1.0
加计	-1.0
供暖期	-1.0
外轮	-1.0
审批表	-1.0
核销单	-1.0
报期	-1.0
表确	-1.0
采矿权	-1.0
析产	-1.0
过路费	-1.0
第四	-1.0
预收	-1.0
上海浦东新区	-1.0
台湾航运公司	-1.0
应收	-1.0
总函	-1.0
石脑油	-1.0
第三十三	-1.0
知识产权	-1.0
书立	-1.0
查补	-1.0
购买方	-1.0
预订款	-1.0
管理法	-1.0
纳税期	-1.0
第二十九	-1.0
稽核期	-1.0
麻类	-1.0
抵免	-1.0
明文	-1.0
专用章	-1.0
中国银行业	-1.0
企业性	-1.0
抵充	-1.0
企业银行卡	-1.0
外管	-1.0
联次	-1.0
公示	-1.0
月租金	-1.0
举证	-1.0
在轨	-1.0
奖金者	-1.0
无偿转让不动产	-1.0
出租不动产	-1.0
全国人民代表大会常务委员会	-1.0
新疆生产建设兵团	-1.0
集成电路线	-1.0
每位	-1.0
征点	-1.0
有权	-1.0
妥托	-1.0
服务型	-1.0
铂金	-1.0
票方	-1.0
监察专员办事处	-1.0
凡未	-1.0
改征	-1.0
名称权	-1.0
国家外汇管理局	-1.0
票种	-1.0
中奖者	-1.0
党政部门	-1.0
本式	-1.0
过桥	-1.0
中国农业发展银行总行	-1.0
销售方	-1.0
义务人	-1.0
小微	-1.0
第三十九	-1.0
执行期	-1.0
创业证	-1.0
联均	-1.0
第二十五	-1.0
避税	-1.0
就医者	-1.0
互助性	-1.0
混肥	-1.0
记账联	-1.0
普制	-1.0
监控中心有限责任公司	-1.0
动漫	-1.0
登记制	-1.0
印有	-1.0
开户费	-1.0
指经县	-1.0
国家统计局	-1.0
兽药	-1.0
适配	-1.0
第十	-1.0
人民银行	-1.0
结清	-1.0
解缴	-1.0
营改	-1.0
干租	-1.0
增值税额	-1.0
非银行业	-1.0
增值额	-1.0
第四十五	-1.0
领票	-1.0
扩容费	-1.0
第二十四	-1.0
船检	-1.0
转让方	-1.0
专票	-1.0
光租	-1.0
残疾人证	-1.0
申领	-1.0
供应证	-1.0
融资性	-1.0
肢矫型器	-1.0
书据	-1.0
营改增纳税人	-1.0
吧外	-1.0
抚养人	-1.0
澳门特别行政区政府	-1.0
代扣代缴	-1.0
租赁期	-1.0
分月	-1.0
国地税	-1.0
蹦极	-1.0
动力伞	-1.0
依规	-1.0
农信	-1.0
加工区	-1.0
扣除额	-1.0
球具	-1.0
收汇	-1.0
劳务营业税	-1.0
征管法	-1.0
中国航空结算有限责任公司	-1.0
预混	-1.0
预征率	-1.0
卡丁车	-1.0
第四十九	-1.0
征免	-1.0
支教费	-1.0
席位权	-1.0
由先征	-1.0
金币公司	-1.0
税前	-1.0
应税	-1.0
类化	-1.0
华融	-1.0
公租	-1.0
摊销	-1.0
印花税票	-1.0
自来水公司	-1.0
价税	-1.0
第二十六	-1.0
回购	-1.0
第二十八	-1.0
转码	-1.0
一码	-1.0
应纳税所得额	-1.0
自用油	-1.0
纳税人不动产	-1.0
进料加工	-1.0
水力发电站	-1.0
分季	-1.0
股份有限公司	-1.0
提供者	-1.0
无照户	-1.0
军人证	-1.0
驻华使馆	-1.0
当期	-1.0
利润表	-1.0
通行费	-1.0
金税盘	-1.0
账务	-1.0
报验单	-1.0
第四十	-1.0
稽查局	-1.0
附送	-1.0
国家税务总局令	-1.0
土地价款	-1.0
中国长城资产管理公司	-1.0
二十	-1.0
保监会	-1.0
中国人民银行总行	-1.0
地级市	-1.0
二千	-1.0
张家港保税区	-1.0
收储	-1.0
第十四	-1.0
十八	-1.0
胶粉	-1.0
第三十六	-1.0
十六	-1.0
上海世博局	-1.0
第十五	-1.0
第三十八	-1.0
存续期	-1.0
第十二	-1.0
三十	-1.0
应结清	-1.0
单笔	-1.0
香港特别行政区政府	-1.0
管理有限公司	-1.0
保育费	-1.0
认证子系统	-1.0
优惠期	-1.0
被申请人	-1.0
收视费	-1.0
单次	-1.0
过闸费	-1.0
灭失	-1.0
所有人	-1.0
托方	-1.0
黄金矿砂	-1.0
卷式	-1.0
逐页	-1.0
实际月份	-1.0
生产性	-1.0
住房价款	-1.0
规定者	-1.0
第五十	-1.0
无息	-1.0
列视	-1.0
税盘	-1.0
改增	-1.0
密文	-1.0
详见	-1.0
称年	-1.0
形动产	-1.0
给排水	-1.0
应纳	-1.0
赔偿法	-1.0
分割单	-1.0
厦门航空有限公司	-1.0
前款	-1.0
应照章	-1.0
计税	-1.0
中央银行	-1.0
款税	-1.0
发包人	-1.0
方先	-1.0
大秦铁路公司	-1.0
城乡卫生院	-1.0
比对	-1.0
取水权	-1.0
投保人	-1.0
不动产过户	-1.0
第十九	-1.0
外汇管理局	-1.0
初装费	-1.0
客渡	-1.0
供价	-1.0
中国信达	-1.0
测报	-1.0
盘亏	-1.0
香港中银集团	-1.0
动植物油	-1.0
综合计征率	-1.0
车架号	-1.0
中国金币总公司	-1.0
收派	-1.0
扣除率	-1.0
查帐	-1.0
退付	-1.0
回租	-1.0
第十三	-1.0
辅导期	-1.0
申报额	-1.0
中国扶贫基金会	-1.0
第三十七	-1.0
第十一	-1.0
十一	-1.0
代用工	-1.0
第十七	-1.0
税控机	-1.0
票机	-1.0
被保险人	-1.0
利润额	-1.0
十三	-1.0
东疆	-1.0
应持	-1.0
港区	-1.0
十七	-1.0
硝酸钙	-1.0
合二为一	-1.0
销售款	-1.0
光伏	-1.0
第二十七	-1.0
车船税	-1.0
出方	-1.0
失税	-1.0
哪级	-1.0
第四十八	-1.0
门票费	-1.0
台湾航空公司	-1.0
字轨	-1.0
非学历	-1.0
体育业	-1.0
免抵	-1.0
顺序码	-1.0
中国南方航空股份有限公司	-1.0
育养	-1.0
填列	-1.0
暂免	-1.0
含金	-1.0
政府性	-1.0
报备	-1.0
起征点	-1.0
须自行	-1.0
申报表	-1.0
统一式样	-1.0
视同	-1.0
先进型	-1.0
青藏铁路公司	-1.0
填制	-1.0
有限责任公司	-1.0
预缴	-1.0
中国邮政集团公司	-1.0
实验区	-1.0
运输器	-1.0
补开	-1.0
签章	-1.0
苏州工业园区	-1.0
安装费	-1.0
十九	-1.0
车种	-1.0
特殊教育学校	-1.0
军官证	-1.0
标的物	-1.0
劳务月	-1.0
信托投资公司	-1.0
验核	-1.0
兽用	-1.0
实木	-1.0
预字	-1.0
询价	-1.0
二十三	-1.0
渔服务业	-1.0
经营期	-1.0
售人	-1.0
预存	-1.0
损益	-1.0
含税	-1.0
冠名权	-1.0
海南省国家税务局	-1.0
校验码	-1.0
平潭	-1.0
税控	-1.0
二十一	-1.0
所得额	-1.0
转贷	-1.0
采暖费	-1.0
收视	-1.0
包方	-1.0
十二	-1.0
监造	-1.0
月数	-1.0
识别号	-1.0
滴灌管	-1.0
保障法	-1.0
划缴	-1.0
广深铁路公司	-1.0
租入	-1.0
销项	-1.0
第三方不动产	-1.0
公积金管理中心	-1.0
新疆生产建设兵团分行	-1.0
烟类	-1.0
肉蛋	-1.0
申请单	-1.0
十五	-1.0
武装警察部队	-1.0
中国华融资产管理股份有限公司	-1.0
补录	-1.0
受偿	-1.0
车船	-1.0
香港联交所	-1.0
出让金	-1.0
装设	-1.0
中国石油天然气股份有限公司	-1.0
站场	-1.0
补正	-1.0
分销权	-1.0
电算化	-1.0
第九十六	-1.0
实验班	-1.0
昆山经济技术开发区	-1.0
充值	-1.0
项至第	-1.0
乌鲁木齐市新华书店	-1.0
借款方	-1.0
发包方	-1.0
第十六	-1.0
收货人	-1.0
纳税额	-1.0
卫生防疫站	-1.0
十四	-1.0
第八	-1.0
管理委员会	-1.0
建造物	-1.0
征期	-1.0
表式	-1.0
项目部	-1.0
房产税	-1.0
客运站场	-1.0
报告表	-1.0
按军	-1.0
中科协	-1.0
退运	-1.0
三千万	-1.0
探矿权	-1.0
邮政业	-1.0
代扣代收	-1.0
应纳税额	-1.0
本数	-1.0
迁入地	-1.0
国务院财政部门	-1.0
该期	-1.0
返售	-1.0
充填	-1.0
第六	-1.0
补偿款	-1.0
区县	-1.0
税后	-1.0
工程公司	-1.0
接团	-1.0
换开	-1.0
出库	-1.0
延后	-1.0
城关镇	-1.0
订本	-1.0
重号	-1.0
赡养人	-1.0
陈述权	-1.0
预提	-1.0
鉴证	-1.0
应退	-1.0
监管期	-1.0
银监会	-1.0
混开	-1.0
中国农业银行	-1.0
代扣	-1.0
非正常户	-1.0
得额	-1.0
华夏航空有限公司	-1.0
国家税务局商	-1.0
税行	-1.0
个体经营者	-1.0
信达	-1.0
城建税	-1.0
上海钻石交易所	-1.0
承租方	-1.0
遗赠	-1.0
自由裁量权	-1.0
伴生金	-1.0
办结	-1.0
工改	-1.0
建设税	-1.0
